Archive member included to satisfy reference by file (symbol)

d:/st/stm32cubeide_1.0.1/stm32cubeide/plugins/com.st.stm32cube.ide.mcu.externaltools.gnu-tools-for-stm32.7-2018-q2-update.win32_1.0.0.201904181610/tools/bin/../lib/gcc/arm-none-eabi/7.3.1/../../../../arm-none-eabi/lib/thumb/v7e-m/fpv4-sp/hard\libc_nano.a(lib_a-errno.o)
                              Core/Src/syscalls.o (__errno)
d:/st/stm32cubeide_1.0.1/stm32cubeide/plugins/com.st.stm32cube.ide.mcu.externaltools.gnu-tools-for-stm32.7-2018-q2-update.win32_1.0.0.201904181610/tools/bin/../lib/gcc/arm-none-eabi/7.3.1/../../../../arm-none-eabi/lib/thumb/v7e-m/fpv4-sp/hard\libc_nano.a(lib_a-exit.o)
                              d:/st/stm32cubeide_1.0.1/stm32cubeide/plugins/com.st.stm32cube.ide.mcu.externaltools.gnu-tools-for-stm32.7-2018-q2-update.win32_1.0.0.201904181610/tools/bin/../lib/gcc/arm-none-eabi/7.3.1/../../../../arm-none-eabi/lib/thumb/v7e-m/fpv4-sp/hard/crt0.o (exit)
d:/st/stm32cubeide_1.0.1/stm32cubeide/plugins/com.st.stm32cube.ide.mcu.externaltools.gnu-tools-for-stm32.7-2018-q2-update.win32_1.0.0.201904181610/tools/bin/../lib/gcc/arm-none-eabi/7.3.1/../../../../arm-none-eabi/lib/thumb/v7e-m/fpv4-sp/hard\libc_nano.a(lib_a-impure.o)
                              d:/st/stm32cubeide_1.0.1/stm32cubeide/plugins/com.st.stm32cube.ide.mcu.externaltools.gnu-tools-for-stm32.7-2018-q2-update.win32_1.0.0.201904181610/tools/bin/../lib/gcc/arm-none-eabi/7.3.1/../../../../arm-none-eabi/lib/thumb/v7e-m/fpv4-sp/hard\libc_nano.a(lib_a-exit.o) (_global_impure_ptr)
d:/st/stm32cubeide_1.0.1/stm32cubeide/plugins/com.st.stm32cube.ide.mcu.externaltools.gnu-tools-for-stm32.7-2018-q2-update.win32_1.0.0.201904181610/tools/bin/../lib/gcc/arm-none-eabi/7.3.1/../../../../arm-none-eabi/lib/thumb/v7e-m/fpv4-sp/hard\libc_nano.a(lib_a-init.o)
                              d:/st/stm32cubeide_1.0.1/stm32cubeide/plugins/com.st.stm32cube.ide.mcu.externaltools.gnu-tools-for-stm32.7-2018-q2-update.win32_1.0.0.201904181610/tools/bin/../lib/gcc/arm-none-eabi/7.3.1/../../../../arm-none-eabi/lib/thumb/v7e-m/fpv4-sp/hard/crt0.o (__libc_init_array)
d:/st/stm32cubeide_1.0.1/stm32cubeide/plugins/com.st.stm32cube.ide.mcu.externaltools.gnu-tools-for-stm32.7-2018-q2-update.win32_1.0.0.201904181610/tools/bin/../lib/gcc/arm-none-eabi/7.3.1/../../../../arm-none-eabi/lib/thumb/v7e-m/fpv4-sp/hard\libc_nano.a(lib_a-memset.o)
                              d:/st/stm32cubeide_1.0.1/stm32cubeide/plugins/com.st.stm32cube.ide.mcu.externaltools.gnu-tools-for-stm32.7-2018-q2-update.win32_1.0.0.201904181610/tools/bin/../lib/gcc/arm-none-eabi/7.3.1/../../../../arm-none-eabi/lib/thumb/v7e-m/fpv4-sp/hard/crt0.o (memset)
d:/st/stm32cubeide_1.0.1/stm32cubeide/plugins/com.st.stm32cube.ide.mcu.externaltools.gnu-tools-for-stm32.7-2018-q2-update.win32_1.0.0.201904181610/tools/bin/../lib/gcc/arm-none-eabi/7.3.1/thumb/v7e-m/fpv4-sp/hard\libgcc.a(_aeabi_uldivmod.o)
                              Drivers/STM32G4xx_HAL_Driver/Src/stm32g4xx_hal_uart.o (__aeabi_uldivmod)
d:/st/stm32cubeide_1.0.1/stm32cubeide/plugins/com.st.stm32cube.ide.mcu.externaltools.gnu-tools-for-stm32.7-2018-q2-update.win32_1.0.0.201904181610/tools/bin/../lib/gcc/arm-none-eabi/7.3.1/thumb/v7e-m/fpv4-sp/hard\libgcc.a(_udivmoddi4.o)
                              d:/st/stm32cubeide_1.0.1/stm32cubeide/plugins/com.st.stm32cube.ide.mcu.externaltools.gnu-tools-for-stm32.7-2018-q2-update.win32_1.0.0.201904181610/tools/bin/../lib/gcc/arm-none-eabi/7.3.1/thumb/v7e-m/fpv4-sp/hard\libgcc.a(_aeabi_uldivmod.o) (__udivmoddi4)
d:/st/stm32cubeide_1.0.1/stm32cubeide/plugins/com.st.stm32cube.ide.mcu.externaltools.gnu-tools-for-stm32.7-2018-q2-update.win32_1.0.0.201904181610/tools/bin/../lib/gcc/arm-none-eabi/7.3.1/thumb/v7e-m/fpv4-sp/hard\libgcc.a(_dvmd_tls.o)
                              d:/st/stm32cubeide_1.0.1/stm32cubeide/plugins/com.st.stm32cube.ide.mcu.externaltools.gnu-tools-for-stm32.7-2018-q2-update.win32_1.0.0.201904181610/tools/bin/../lib/gcc/arm-none-eabi/7.3.1/thumb/v7e-m/fpv4-sp/hard\libgcc.a(_aeabi_uldivmod.o) (__aeabi_ldiv0)

Allocating common symbols
Common symbol       size              file

hspi2               0x64              Core/Src/spi.o
huart3              0x8c              Core/Src/usart.o
hi2c1               0x4c              Core/Src/i2c.o
hfdcan3             0x64              Core/Src/fdcan.o
uwTick              0x4               Drivers/STM32G4xx_HAL_Driver/Src/stm32g4xx_hal.o
htim5               0x40              Core/Src/tim.o
huart1              0x8c              Core/Src/usart.o
hspi1               0x64              Core/Src/spi.o
htim2               0x40              Core/Src/tim.o

Discarded input sections

 .text          0x0000000000000000        0x0 d:/st/stm32cubeide_1.0.1/stm32cubeide/plugins/com.st.stm32cube.ide.mcu.externaltools.gnu-tools-for-stm32.7-2018-q2-update.win32_1.0.0.201904181610/tools/bin/../lib/gcc/arm-none-eabi/7.3.1/thumb/v7e-m/fpv4-sp/hard/crti.o
[...]
Memory Configuration

Name             Origin             Length             Attributes
RAM              0x0000000020000000 0x0000000000020000 xrw
FLASH            0x0000000008000000 0x0000000000080000 xr
*default*        0x0000000000000000 0xffffffffffffffff

Linker script and memory map

LOAD d:/st/stm32cubeide_1.0.1/stm32cubeide/plugins/com.st.stm32cube.ide.mcu.externaltools.gnu-tools-for-stm32.7-2018-q2-update.win32_1.0.0.201904181610/tools/bin/../lib/gcc/arm-none-eabi/7.3.1/thumb/v7e-m/fpv4-sp/hard/crti.o
LOAD d:/st/stm32cubeide_1.0.1/stm32cubeide/plugins/com.st.stm32cube.ide.mcu.externaltools.gnu-tools-for-stm32.7-2018-q2-update.win32_1.0.0.201904181610/tools/bin/../lib/gcc/arm-none-eabi/7.3.1/thumb/v7e-m/fpv4-sp/hard/crtbegin.o
LOAD d:/st/stm32cubeide_1.0.1/stm32cubeide/plugins/com.st.stm32cube.ide.mcu.externaltools.gnu-tools-for-stm32.7-2018-q2-update.win32_1.0.0.201904181610/tools/bin/../lib/gcc/arm-none-eabi/7.3.1/../../../../arm-none-eabi/lib/thumb/v7e-m/fpv4-sp/hard/crt0.o
LOAD Core/Src/fdcan.o
LOAD Core/Src/gpio.o
LOAD Core/Src/i2c.o
LOAD Core/Src/main.o
LOAD Core/Src/spi.o
LOAD Core/Src/stm32g4xx_hal_msp.o
LOAD Core/Src/stm32g4xx_it.o
LOAD Core/Src/sys.o
LOAD Core/Src/syscalls.o
LOAD Core/Src/sysmem.o
LOAD Core/Src/system_stm32g4xx.o
LOAD Core/Src/tim.o
LOAD Core/Src/usart.o
LOAD Core/Startup/startup_stm32g474vehx.o
LOAD Drivers/STM32G4xx_HAL_Driver/Src/stm32g4xx_hal.o
LOAD Drivers/STM32G4xx_HAL_Driver/Src/stm32g4xx_hal_cortex.o
LOAD Drivers/STM32G4xx_HAL_Driver/Src/stm32g4xx_hal_dma.o
LOAD Drivers/STM32G4xx_HAL_Driver/Src/stm32g4xx_hal_dma_ex.o
LOAD Drivers/STM32G4xx_HAL_Driver/Src/stm32g4xx_hal_exti.o
LOAD Drivers/STM32G4xx_HAL_Driver/Src/stm32g4xx_hal_fdcan.o
LOAD Drivers/STM32G4xx_HAL_Driver/Src/stm32g4xx_hal_flash.o
LOAD Drivers/STM32G4xx_HAL_Driver/Src/stm32g4xx_hal_flash_ex.o
LOAD Drivers/STM32G4xx_HAL_Driver/Src/stm32g4xx_hal_flash_ramfunc.o
LOAD Drivers/STM32G4xx_HAL_Driver/Src/stm32g4xx_hal_gpio.o
LOAD Drivers/STM32G4xx_HAL_Driver/Src/stm32g4xx_hal_i2c.o
LOAD Drivers/STM32G4xx_HAL_Driver/Src/stm32g4xx_hal_i2c_ex.o
LOAD Drivers/STM32G4xx_HAL_Driver/Src/stm32g4xx_hal_pwr.o
LOAD Drivers/STM32G4xx_HAL_Driver/Src/stm32g4xx_hal_pwr_ex.o
LOAD Drivers/STM32G4xx_HAL_Driver/Src/stm32g4xx_hal_rcc.o
LOAD Drivers/STM32G4xx_HAL_Driver/Src/stm32g4xx_hal_rcc_ex.o
LOAD Drivers/STM32G4xx_HAL_Driver/Src/stm32g4xx_hal_spi.o
LOAD Drivers/STM32G4xx_HAL_Driver/Src/stm32g4xx_hal_spi_ex.o
LOAD Drivers/STM32G4xx_HAL_Driver/Src/stm32g4xx_hal_tim.o
LOAD Drivers/STM32G4xx_HAL_Driver/Src/stm32g4xx_hal_tim_ex.o
LOAD Drivers/STM32G4xx_HAL_Driver/Src/stm32g4xx_hal_uart.o
LOAD Drivers/STM32G4xx_HAL_Driver/Src/stm32g4xx_hal_uart_ex.o
LOAD Drivers/STM32G4xx_HAL_Driver/Src/stm32g4xx_ll_pwr.o
START GROUP
LOAD d:/st/stm32cubeide_1.0.1/stm32cubeide/plugins/com.st.stm32cube.ide.mcu.externaltools.gnu-tools-for-stm32.7-2018-q2-update.win32_1.0.0.201904181610/tools/bin/../lib/gcc/arm-none-eabi/7.3.1/../../../../arm-none-eabi/lib/thumb/v7e-m/fpv4-sp/hard\libstdc++_nano.a
LOAD d:/st/stm32cubeide_1.0.1/stm32cubeide/plugins/com.st.stm32cube.ide.mcu.externaltools.gnu-tools-for-stm32.7-2018-q2-update.win32_1.0.0.201904181610/tools/bin/../lib/gcc/arm-none-eabi/7.3.1/../../../../arm-none-eabi/lib/thumb/v7e-m/fpv4-sp/hard\libsupc++_nano.a
END GROUP
LOAD d:/st/stm32cubeide_1.0.1/stm32cubeide/plugins/com.st.stm32cube.ide.mcu.externaltools.gnu-tools-for-stm32.7-2018-q2-update.win32_1.0.0.201904181610/tools/bin/../lib/gcc/arm-none-eabi/7.3.1/../../../../arm-none-eabi/lib/thumb/v7e-m/fpv4-sp/hard\libstdc++_nano.a
LOAD d:/st/stm32cubeide_1.0.1/stm32cubeide/plugins/com.st.stm32cube.ide.mcu.externaltools.gnu-tools-for-stm32.7-2018-q2-update.win32_1.0.0.201904181610/tools/bin/../lib/gcc/arm-none-eabi/7.3.1/../../../../arm-none-eabi/lib/thumb/v7e-m/fpv4-sp/hard\libm.a
LOAD d:/st/stm32cubeide_1.0.1/stm32cubeide/plugins/com.st.stm32cube.ide.mcu.externaltools.gnu-tools-for-stm32.7-2018-q2-update.win32_1.0.0.201904181610/tools/bin/../lib/gcc/arm-none-eabi/7.3.1/../../../../arm-none-eabi/lib/thumb/v7e-m/fpv4-sp/hard\libc_nano.a
START GROUP
LOAD d:/st/stm32cubeide_1.0.1/stm32cubeide/plugins/com.st.stm32cube.ide.mcu.externaltools.gnu-tools-for-stm32.7-2018-q2-update.win32_1.0.0.201904181610/tools/bin/../lib/gcc/arm-none-eabi/7.3.1/thumb/v7e-m/fpv4-sp/hard\libgcc.a
LOAD d:/st/stm32cubeide_1.0.1/stm32cubeide/plugins/com.st.stm32cube.ide.mcu.externaltools.gnu-tools-for-stm32.7-2018-q2-update.win32_1.0.0.201904181610/tools/bin/../lib/gcc/arm-none-eabi/7.3.1/../../../../arm-none-eabi/lib/thumb/v7e-m/fpv4-sp/hard\libc_nano.a
END GROUP
START GROUP
LOAD d:/st/stm32cubeide_1.0.1/stm32cubeide/plugins/com.st.stm32cube.ide.mcu.externaltools.gnu-tools-for-stm32.7-2018-q2-update.win32_1.0.0.201904181610/tools/bin/../lib/gcc/arm-none-eabi/7.3.1/thumb/v7e-m/fpv4-sp/hard\libgcc.a
LOAD d:/st/stm32cubeide_1.0.1/stm32cubeide/plugins/com.st.stm32cube.ide.mcu.externaltools.gnu-tools-for-stm32.7-2018-q2-update.win32_1.0.0.201904181610/tools/bin/../lib/gcc/arm-none-eabi/7.3.1/../../../../arm-none-eabi/lib/thumb/v7e-m/fpv4-sp/hard\libc_nano.a
LOAD d:/st/stm32cubeide_1.0.1/stm32cubeide/plugins/com.st.stm32cube.ide.mcu.externaltools.gnu-tools-for-stm32.7-2018-q2-update.win32_1.0.0.201904181610/tools/bin/../lib/gcc/arm-none-eabi/7.3.1/../../../../arm-none-eabi/lib/thumb/v7e-m/fpv4-sp/hard\libnosys.a
END GROUP
START GROUP
LOAD d:/st/stm32cubeide_1.0.1/stm32cubeide/plugins/com.st.stm32cube.ide.mcu.externaltools.gnu-tools-for-stm32.7-2018-q2-update.win32_1.0.0.201904181610/tools/bin/../lib/gcc/arm-none-eabi/7.3.1/thumb/v7e-m/fpv4-sp/hard\libgcc.a
LOAD d:/st/stm32cubeide_1.0.1/stm32cubeide/plugins/com.st.stm32cube.ide.mcu.externaltools.gnu-tools-for-stm32.7-2018-q2-update.win32_1.0.0.201904181610/tools/bin/../lib/gcc/arm-none-eabi/7.3.1/../../../../arm-none-eabi/lib/thumb/v7e-m/fpv4-sp/hard\libc_nano.a
LOAD d:/st/stm32cubeide_1.0.1/stm32cubeide/plugins/com.st.stm32cube.ide.mcu.externaltools.gnu-tools-for-stm32.7-2018-q2-update.win32_1.0.0.201904181610/tools/bin/../lib/gcc/arm-none-eabi/7.3.1/../../../../arm-none-eabi/lib/thumb/v7e-m/fpv4-sp/hard\libnosys.a
END GROUP
LOAD d:/st/stm32cubeide_1.0.1/stm32cubeide/plugins/com.st.stm32cube.ide.mcu.externaltools.gnu-tools-for-stm32.7-2018-q2-update.win32_1.0.0.201904181610/tools/bin/../lib/gcc/arm-none-eabi/7.3.1/thumb/v7e-m/fpv4-sp/hard/crtend.o
LOAD d:/st/stm32cubeide_1.0.1/stm32cubeide/plugins/com.st.stm32cube.ide.mcu.externaltools.gnu-tools-for-stm32.7-2018-q2-update.win32_1.0.0.201904181610/tools/bin/../lib/gcc/arm-none-eabi/7.3.1/thumb/v7e-m/fpv4-sp/hard/crtn.o
                0x0000000020020000                _estack = (ORIGIN (RAM) + LENGTH (RAM))
                0x0000000000000200                _Min_Heap_Size = 0x200
                0x0000000000000400                _Min_Stack_Size = 0x400

.isr_vector     0x0000000008000000      0x1d8
                0x0000000008000000                . = ALIGN (0x4)
 *(.isr_vector)
 .isr_vector    0x0000000008000000      0x1d8 Core/Startup/startup_stm32g474vehx.o
                0x0000000008000000                g_pfnVectors
                0x00000000080001d8                . = ALIGN (0x4)

.text           0x00000000080001d8     0x61b0
                0x00000000080001d8                . = ALIGN (0x4)
 *(.text)
 .text          0x00000000080001d8       0x40 d:/st/stm32cubeide_1.0.1/stm32cubeide/plugins/com.st.stm32cube.ide.mcu.externaltools.gnu-tools-for-stm32.7-2018-q2-update.win32_1.0.0.201904181610/tools/bin/../lib/gcc/arm-none-eabi/7.3.1/thumb/v7e-m/fpv4-sp/hard/crtbegin.o
 .text          0x0000000008000218       0x30 d:/st/stm32cubeide_1.0.1/stm32cubeide/plugins/com.st.stm32cube.ide.mcu.externaltools.gnu-tools-for-stm32.7-2018-q2-update.win32_1.0.0.201904181610/tools/bin/../lib/gcc/arm-none-eabi/7.3.1/thumb/v7e-m/fpv4-sp/hard\libgcc.a(_aeabi_uldivmod.o)
                0x0000000008000218                __aeabi_uldivmod
 .text          0x0000000008000248      0x2cc d:/st/stm32cubeide_1.0.1/stm32cubeide/plugins/com.st.stm32cube.ide.mcu.externaltools.gnu-tools-for-stm32.7-2018-q2-update.win32_1.0.0.201904181610/tools/bin/../lib/gcc/arm-none-eabi/7.3.1/thumb/v7e-m/fpv4-sp/hard\libgcc.a(_udivmoddi4.o)
                0x0000000008000248                __udivmoddi4
 .text          0x0000000008000514        0x4 d:/st/stm32cubeide_1.0.1/stm32cubeide/plugins/com.st.stm32cube.ide.mcu.externaltools.gnu-tools-for-stm32.7-2018-q2-update.win32_1.0.0.201904181610/tools/bin/../lib/gcc/arm-none-eabi/7.3.1/thumb/v7e-m/fpv4-sp/hard\libgcc.a(_dvmd_tls.o)
                0x0000000008000514                __aeabi_idiv0
                0x0000000008000514                __aeabi_ldiv0
 *(.text*)
 .text.MX_FDCAN3_Init
                0x0000000008000518       0x88 Core/Src/fdcan.o
                0x0000000008000518                MX_FDCAN3_Init
 .text.HAL_FDCAN_MspInit
                0x00000000080005a0       0x88 Core/Src/fdcan.o
                0x00000000080005a0                HAL_FDCAN_MspInit
 .text.MX_GPIO_Init
                0x0000000008000628      0x38c Core/Src/gpio.o
                0x0000000008000628                MX_GPIO_Init
 .text.MX_I2C1_Init
                0x00000000080009b4       0x80 Core/Src/i2c.o
                0x00000000080009b4                MX_I2C1_Init
 .text.HAL_I2C_MspInit
                0x0000000008000a34       0xa4 Core/Src/i2c.o
                0x0000000008000a34                HAL_I2C_MspInit
 .text.main     0x0000000008000ad8       0xe4 Core/Src/main.o
                0x0000000008000ad8                main
 .text.SystemClock_Config
                0x0000000008000bbc       0xda Core/Src/main.o
                0x0000000008000bbc                SystemClock_Config
 .text.Error_Handler
                0x0000000008000c96        0xe Core/Src/main.o
                0x0000000008000c96                Error_Handler
 .text.MX_SPI1_Init
                0x0000000008000ca4       0x7c Core/Src/spi.o
                0x0000000008000ca4                MX_SPI1_Init
 .text.MX_SPI2_Init
                0x0000000008000d20       0x7c Core/Src/spi.o
                0x0000000008000d20                MX_SPI2_Init
 .text.HAL_SPI_MspInit
                0x0000000008000d9c       0xec Core/Src/spi.o
                0x0000000008000d9c                HAL_SPI_MspInit
 .text.LL_PWR_DisableDeadBatteryPD
                0x0000000008000e88       0x20 Core/Src/stm32g4xx_hal_msp.o
 .text.HAL_MspInit
                0x0000000008000ea8       0x48 Core/Src/stm32g4xx_hal_msp.o
                0x0000000008000ea8                HAL_MspInit
 .text.NMI_Handler
                0x0000000008000ef0        0xe Core/Src/stm32g4xx_it.o
                0x0000000008000ef0                NMI_Handler
 .text.HardFault_Handler
                0x0000000008000efe        0x6 Core/Src/stm32g4xx_it.o
                0x0000000008000efe                HardFault_Handler
 .text.MemManage_Handler
                0x0000000008000f04        0x6 Core/Src/stm32g4xx_it.o
                0x0000000008000f04                MemManage_Handler
 .text.BusFault_Handler
                0x0000000008000f0a        0x6 Core/Src/stm32g4xx_it.o
                0x0000000008000f0a                BusFault_Handler
 .text.UsageFault_Handler
                0x0000000008000f10        0x6 Core/Src/stm32g4xx_it.o
                0x0000000008000f10                UsageFault_Handler
 .text.SVC_Handler
                0x0000000008000f16        0xe Core/Src/stm32g4xx_it.o
                0x0000000008000f16                SVC_Handler
 .text.DebugMon_Handler
                0x0000000008000f24        0xe Core/Src/stm32g4xx_it.o
                0x0000000008000f24                DebugMon_Handler
 .text.PendSV_Handler
                0x0000000008000f32        0xe Core/Src/stm32g4xx_it.o
                0x0000000008000f32                PendSV_Handler
 .text.SysTick_Handler
                0x0000000008000f40        0xc Core/Src/stm32g4xx_it.o
                0x0000000008000f40                SysTick_Handler
 .text.SystemInit
                0x0000000008000f4c       0x2c Core/Src/system_stm32g4xx.o
                0x0000000008000f4c                SystemInit
 .text.MX_TIM2_Init
                0x0000000008000f78      0x13c Core/Src/tim.o
                0x0000000008000f78                MX_TIM2_Init
 .text.MX_TIM5_Init
                0x00000000080010b4      0x188 Core/Src/tim.o
                0x00000000080010b4                MX_TIM5_Init
 .text.HAL_TIM_Base_MspInit
                0x000000000800123c       0x64 Core/Src/tim.o
                0x000000000800123c                HAL_TIM_Base_MspInit
 .text.HAL_TIM_MspPostInit
                0x00000000080012a0      0x16c Core/Src/tim.o
                0x00000000080012a0                HAL_TIM_MspPostInit
 .text.MX_USART1_UART_Init
                0x000000000800140c       0x98 Core/Src/usart.o
                0x000000000800140c                MX_USART1_UART_Init
 .text.MX_USART3_UART_Init
                0x00000000080014a4       0x98 Core/Src/usart.o
                0x00000000080014a4                MX_USART3_UART_Init
 .text.HAL_UART_MspInit
                0x000000000800153c      0x110 Core/Src/usart.o
                0x000000000800153c                HAL_UART_MspInit
 .text.Reset_Handler
                0x000000000800164c       0x50 Core/Startup/startup_stm32g474vehx.o
                0x000000000800164c                Reset_Handler
 .text.Default_Handler
                0x000000000800169c        0x2 Core/Startup/startup_stm32g474vehx.o
                0x000000000800169c                RTC_Alarm_IRQHandler
                0x000000000800169c                EXTI2_IRQHandler
                0x000000000800169c                TIM8_TRG_COM_IRQHandler
                0x000000000800169c                TIM8_CC_IRQHandler
                0x000000000800169c                HRTIM1_Master_IRQHandler
                0x000000000800169c                SPI4_IRQHandler
                0x000000000800169c                FDCAN3_IT0_IRQHandler
                0x000000000800169c                TIM1_CC_IRQHandler
                0x000000000800169c                HRTIM1_FLT_IRQHandler
                0x000000000800169c                HRTIM1_TIMF_IRQHandler
                0x000000000800169c                USB_HP_IRQHandler
                0x000000000800169c                CORDIC_IRQHandler
                0x000000000800169c                HRTIM1_TIMD_IRQHandler
                0x000000000800169c                DMA2_Channel8_IRQHandler
                0x000000000800169c                EXTI3_IRQHandler
                0x000000000800169c                I2C3_ER_IRQHandler
                0x000000000800169c                EXTI0_IRQHandler
                0x000000000800169c                I2C2_EV_IRQHandler
                0x000000000800169c                FPU_IRQHandler
                0x000000000800169c                FDCAN1_IT1_IRQHandler
                0x000000000800169c                TIM1_UP_TIM16_IRQHandler
                0x000000000800169c                ADC1_2_IRQHandler
                0x000000000800169c                HRTIM1_TIME_IRQHandler
                0x000000000800169c                SPI1_IRQHandler
                0x000000000800169c                TIM6_DAC_IRQHandler
                0x000000000800169c                HRTIM1_TIMC_IRQHandler
                0x000000000800169c                TIM8_UP_IRQHandler
                0x000000000800169c                DMA2_Channel2_IRQHandler
                0x000000000800169c                DMA1_Channel4_IRQHandler
                0x000000000800169c                TIM20_TRG_COM_IRQHandler
                0x000000000800169c                USART3_IRQHandler
                0x000000000800169c                DMA1_Channel7_IRQHandler
                0x000000000800169c                UART5_IRQHandler
                0x000000000800169c                ADC3_IRQHandler
                0x000000000800169c                TIM4_IRQHandler
                0x000000000800169c                DMA2_Channel1_IRQHandler
                0x000000000800169c                QUADSPI_IRQHandler
                0x000000000800169c                I2C1_EV_IRQHandler
                0x000000000800169c                DMA1_Channel6_IRQHandler
                0x000000000800169c                UART4_IRQHandler
                0x000000000800169c                DMA2_Channel4_IRQHandler
                0x000000000800169c                TIM3_IRQHandler
                0x000000000800169c                RCC_IRQHandler
                0x000000000800169c                TIM20_UP_IRQHandler
                0x000000000800169c                DMA1_Channel1_IRQHandler
                0x000000000800169c                Default_Handler
                0x000000000800169c                DMA2_Channel7_IRQHandler
                0x000000000800169c                RTC_TAMP_LSECSS_IRQHandler
                0x000000000800169c                FMAC_IRQHandler
                0x000000000800169c                EXTI15_10_IRQHandler
                0x000000000800169c                DMA1_Channel8_IRQHandler
                0x000000000800169c                HRTIM1_TIMA_IRQHandler
                0x000000000800169c                TIM7_DAC_IRQHandler
                0x000000000800169c                FDCAN3_IT1_IRQHandler
                0x000000000800169c                TIM5_IRQHandler
                0x000000000800169c                UCPD1_IRQHandler
                0x000000000800169c                I2C3_EV_IRQHandler
                0x000000000800169c                EXTI9_5_IRQHandler
                0x000000000800169c                RTC_WKUP_IRQHandler
                0x000000000800169c                PVD_PVM_IRQHandler
                0x000000000800169c                SPI2_IRQHandler
                0x000000000800169c                ADC5_IRQHandler
                0x000000000800169c                DMA2_Channel5_IRQHandler
                0x000000000800169c                CRS_IRQHandler
                0x000000000800169c                DMA1_Channel5_IRQHandler
                0x000000000800169c                USB_LP_IRQHandler
                0x000000000800169c                EXTI4_IRQHandler
                0x000000000800169c                RNG_IRQHandler
                0x000000000800169c                HRTIM1_TIMB_IRQHandler
                0x000000000800169c                TIM1_TRG_COM_TIM17_IRQHandler
                0x000000000800169c                FDCAN2_IT1_IRQHandler
                0x000000000800169c                DMA1_Channel3_IRQHandler
                0x000000000800169c                ADC4_IRQHandler
                0x000000000800169c                WWDG_IRQHandler
                0x000000000800169c                I2C4_EV_IRQHandler
                0x000000000800169c                FDCAN2_IT0_IRQHandler
                0x000000000800169c                LPUART1_IRQHandler
                0x000000000800169c                DMA2_Channel6_IRQHandler
                0x000000000800169c                FDCAN1_IT0_IRQHandler
                0x000000000800169c                TIM2_IRQHandler
                0x000000000800169c                COMP7_IRQHandler
                0x000000000800169c                COMP1_2_3_IRQHandler
                0x000000000800169c                EXTI1_IRQHandler
                0x000000000800169c                USART2_IRQHandler
                0x000000000800169c                COMP4_5_6_IRQHandler
                0x000000000800169c                TIM20_BRK_IRQHandler
                0x000000000800169c                I2C2_ER_IRQHandler
                0x000000000800169c                DMA1_Channel2_IRQHandler
                0x000000000800169c                TIM8_BRK_IRQHandler
                0x000000000800169c                FLASH_IRQHandler
                0x000000000800169c                TIM20_CC_IRQHandler
                0x000000000800169c                USART1_IRQHandler
                0x000000000800169c                SPI3_IRQHandler
                0x000000000800169c                I2C1_ER_IRQHandler
                0x000000000800169c                FMC_IRQHandler
                0x000000000800169c                LPTIM1_IRQHandler
                0x000000000800169c                DMAMUX_OVR_IRQHandler
                0x000000000800169c                I2C4_ER_IRQHandler
                0x000000000800169c                USBWakeUp_IRQHandler
                0x000000000800169c                SAI1_IRQHandler
                0x000000000800169c                DMA2_Channel3_IRQHandler
                0x000000000800169c                TIM1_BRK_TIM15_IRQHandler
 .text.HAL_Init
                0x000000000800169e       0x30 Drivers/STM32G4xx_HAL_Driver/Src/stm32g4xx_hal.o
                0x000000000800169e                HAL_Init
 *fill*         0x00000000080016ce        0x2 
 .text.HAL_InitTick
                0x00000000080016d0       0x74 Drivers/STM32G4xx_HAL_Driver/Src/stm32g4xx_hal.o
                0x00000000080016d0                HAL_InitTick
 .text.HAL_IncTick
                0x0000000008001744       0x24 Drivers/STM32G4xx_HAL_Driver/Src/stm32g4xx_hal.o
                0x0000000008001744                HAL_IncTick
 .text.HAL_GetTick
                0x0000000008001768       0x18 Drivers/STM32G4xx_HAL_Driver/Src/stm32g4xx_hal.o
                0x0000000008001768                HAL_GetTick
 .text.HAL_Delay
                0x0000000008001780       0x44 Drivers/STM32G4xx_HAL_Driver/Src/stm32g4xx_hal.o
                0x0000000008001780                HAL_Delay
 .text.__NVIC_SetPriorityGrouping
                0x00000000080017c4       0x48 Drivers/STM32G4xx_HAL_Driver/Src/stm32g4xx_hal_cortex.o
 .text.__NVIC_GetPriorityGrouping
                0x000000000800180c       0x1c Drivers/STM32G4xx_HAL_Driver/Src/stm32g4xx_hal_cortex.o
 .text.__NVIC_SetPriority
                0x0000000008001828       0x54 Drivers/STM32G4xx_HAL_Driver/Src/stm32g4xx_hal_cortex.o
 .text.NVIC_EncodePriority
                0x000000000800187c       0x66 Drivers/STM32G4xx_HAL_Driver/Src/stm32g4xx_hal_cortex.o
 *fill*         0x00000000080018e2        0x2 
 .text.SysTick_Config
                0x00000000080018e4       0x44 Drivers/STM32G4xx_HAL_Driver/Src/stm32g4xx_hal_cortex.o
 .text.HAL_NVIC_SetPriorityGrouping
                0x0000000008001928       0x16 Drivers/STM32G4xx_HAL_Driver/Src/stm32g4xx_hal_cortex.o
                0x0000000008001928                HAL_NVIC_SetPriorityGrouping
 .text.HAL_NVIC_SetPriority
                0x000000000800193e       0x34 Drivers/STM32G4xx_HAL_Driver/Src/stm32g4xx_hal_cortex.o
                0x000000000800193e                HAL_NVIC_SetPriority
 .text.HAL_SYSTICK_Config
                0x0000000008001972       0x18 Drivers/STM32G4xx_HAL_Driver/Src/stm32g4xx_hal_cortex.o
                0x0000000008001972                HAL_SYSTICK_Config
 *fill*         0x000000000800198a        0x2 
 .text.HAL_FDCAN_Init
                0x000000000800198c      0x2b4 Drivers/STM32G4xx_HAL_Driver/Src/stm32g4xx_hal_fdcan.o
                0x000000000800198c                HAL_FDCAN_Init
 .text.FDCAN_CalcultateRamBlockAddresses
                0x0000000008001c40       0xd8 Drivers/STM32G4xx_HAL_Driver/Src/stm32g4xx_hal_fdcan.o
 .text.HAL_GPIO_Init
                0x0000000008001d18      0x304 Drivers/STM32G4xx_HAL_Driver/Src/stm32g4xx_hal_gpio.o
                0x0000000008001d18                HAL_GPIO_Init
 .text.HAL_GPIO_WritePin
                0x000000000800201c       0x30 Drivers/STM32G4xx_HAL_Driver/Src/stm32g4xx_hal_gpio.o
                0x000000000800201c                HAL_GPIO_WritePin
 .text.HAL_I2C_Init
                0x000000000800204c      0x11e Drivers/STM32G4xx_HAL_Driver/Src/stm32g4xx_hal_i2c.o
                0x000000000800204c                HAL_I2C_Init
 *fill*         0x000000000800216a        0x2 
 .text.HAL_I2C_Mem_Read
                0x000000000800216c      0x234 Drivers/STM32G4xx_HAL_Driver/Src/stm32g4xx_hal_i2c.o
                0x000000000800216c                HAL_I2C_Mem_Read
 .text.I2C_RequestMemoryRead
                0x00000000080023a0       0xa8 Drivers/STM32G4xx_HAL_Driver/Src/stm32g4xx_hal_i2c.o
 .text.I2C_Flush_TXDR
                0x0000000008002448       0x48 Drivers/STM32G4xx_HAL_Driver/Src/stm32g4xx_hal_i2c.o
 .text.I2C_WaitOnFlagUntilTimeout
                0x0000000008002490       0x80 Drivers/STM32G4xx_HAL_Driver/Src/stm32g4xx_hal_i2c.o
 .text.I2C_WaitOnTXISFlagUntilTimeout
                0x0000000008002510       0x80 Drivers/STM32G4xx_HAL_Driver/Src/stm32g4xx_hal_i2c.o
 .text.I2C_WaitOnSTOPFlagUntilTimeout
                0x0000000008002590       0x78 Drivers/STM32G4xx_HAL_Driver/Src/stm32g4xx_hal_i2c.o
 .text.I2C_IsAcknowledgeFailed
                0x0000000008002608       0xcc Drivers/STM32G4xx_HAL_Driver/Src/stm32g4xx_hal_i2c.o
 .text.I2C_TransferConfig
                0x00000000080026d4       0x5c Drivers/STM32G4xx_HAL_Driver/Src/stm32g4xx_hal_i2c.o
 .text.HAL_I2CEx_ConfigAnalogFilter
                0x0000000008002730       0x96 Drivers/STM32G4xx_HAL_Driver/Src/stm32g4xx_hal_i2c_ex.o
                0x0000000008002730                HAL_I2CEx_ConfigAnalogFilter
 .text.HAL_I2CEx_ConfigDigitalFilter
                0x00000000080027c6       0x98 Drivers/STM32G4xx_HAL_Driver/Src/stm32g4xx_hal_i2c_ex.o
                0x00000000080027c6                HAL_I2CEx_ConfigDigitalFilter
 *fill*         0x000000000800285e        0x2 
 .text.HAL_PWREx_ControlVoltageScaling
                0x0000000008002860      0x148 Drivers/STM32G4xx_HAL_Driver/Src/stm32g4xx_hal_pwr_ex.o
                0x0000000008002860                HAL_PWREx_ControlVoltageScaling
 .text.HAL_RCC_OscConfig
                0x00000000080029a8      0x630 Drivers/STM32G4xx_HAL_Driver/Src/stm32g4xx_hal_rcc.o
                0x00000000080029a8                HAL_RCC_OscConfig
 .text.HAL_RCC_ClockConfig
                0x0000000008002fd8      0x278 Drivers/STM32G4xx_HAL_Driver/Src/stm32g4xx_hal_rcc.o
                0x0000000008002fd8                HAL_RCC_ClockConfig
 .text.HAL_RCC_GetSysClockFreq
                0x0000000008003250       0xc0 Drivers/STM32G4xx_HAL_Driver/Src/stm32g4xx_hal_rcc.o
                0x0000000008003250                HAL_RCC_GetSysClockFreq
 .text.HAL_RCC_GetHCLKFreq
                0x0000000008003310       0x18 Drivers/STM32G4xx_HAL_Driver/Src/stm32g4xx_hal_rcc.o
                0x0000000008003310                HAL_RCC_GetHCLKFreq
 .text.HAL_RCC_GetPCLK1Freq
                0x0000000008003328       0x2c Drivers/STM32G4xx_HAL_Driver/Src/stm32g4xx_hal_rcc.o
                0x0000000008003328                HAL_RCC_GetPCLK1Freq
 .text.HAL_RCC_GetPCLK2Freq
                0x0000000008003354       0x2c Drivers/STM32G4xx_HAL_Driver/Src/stm32g4xx_hal_rcc.o
                0x0000000008003354                HAL_RCC_GetPCLK2Freq
 .text.RCC_GetSysClockFreqFromPLLSource
                0x0000000008003380       0x88 Drivers/STM32G4xx_HAL_Driver/Src/stm32g4xx_hal_rcc.o
 .text.HAL_RCCEx_PeriphCLKConfig
                0x0000000008003408      0x498 Drivers/STM32G4xx_HAL_Driver/Src/stm32g4xx_hal_rcc_ex.o
                0x0000000008003408                HAL_RCCEx_PeriphCLKConfig
 .text.HAL_SPI_Init
                0x00000000080038a0      0x124 Drivers/STM32G4xx_HAL_Driver/Src/stm32g4xx_hal_spi.o
                0x00000000080038a0                HAL_SPI_Init
 .text.HAL_TIM_Base_Init
                0x00000000080039c4       0x56 Drivers/STM32G4xx_HAL_Driver/Src/stm32g4xx_hal_tim.o
                0x00000000080039c4                HAL_TIM_Base_Init
 .text.HAL_TIM_PWM_Init
                0x0000000008003a1a       0x56 Drivers/STM32G4xx_HAL_Driver/Src/stm32g4xx_hal_tim.o
                0x0000000008003a1a                HAL_TIM_PWM_Init
 .text.HAL_TIM_PWM_MspInit
                0x0000000008003a70       0x14 Drivers/STM32G4xx_HAL_Driver/Src/stm32g4xx_hal_tim.o
                0x0000000008003a70                HAL_TIM_PWM_MspInit
 .text.HAL_TIM_PWM_Start
                0x0000000008003a84       0xc0 Drivers/STM32G4xx_HAL_Driver/Src/stm32g4xx_hal_tim.o
                0x0000000008003a84                HAL_TIM_PWM_Start
 .text.HAL_TIM_PWM_ConfigChannel
                0x0000000008003b44      0x230 Drivers/STM32G4xx_HAL_Driver/Src/stm32g4xx_hal_tim.o
                0x0000000008003b44                HAL_TIM_PWM_ConfigChannel
 .text.HAL_TIM_ConfigClockSource
                0x0000000008003d74      0x1e0 Drivers/STM32G4xx_HAL_Driver/Src/stm32g4xx_hal_tim.o
                0x0000000008003d74                HAL_TIM_ConfigClockSource
 .text.TIM_Base_SetConfig
                0x0000000008003f54      0x150 Drivers/STM32G4xx_HAL_Driver/Src/stm32g4xx_hal_tim.o
                0x0000000008003f54                TIM_Base_SetConfig
 .text.TIM_OC1_SetConfig
                0x00000000080040a4      0x134 Drivers/STM32G4xx_HAL_Driver/Src/stm32g4xx_hal_tim.o
 .text.TIM_OC2_SetConfig
                0x00000000080041d8      0x128 Drivers/STM32G4xx_HAL_Driver/Src/stm32g4xx_hal_tim.o
                0x00000000080041d8                TIM_OC2_SetConfig
 .text.TIM_OC3_SetConfig
                0x0000000008004300      0x124 Drivers/STM32G4xx_HAL_Driver/Src/stm32g4xx_hal_tim.o
 .text.TIM_OC4_SetConfig
                0x0000000008004424      0x128 Drivers/STM32G4xx_HAL_Driver/Src/stm32g4xx_hal_tim.o
 .text.TIM_OC5_SetConfig
                0x000000000800454c       0xd4 Drivers/STM32G4xx_HAL_Driver/Src/stm32g4xx_hal_tim.o
 .text.TIM_OC6_SetConfig
                0x0000000008004620       0xd8 Drivers/STM32G4xx_HAL_Driver/Src/stm32g4xx_hal_tim.o
 .text.TIM_TI1_ConfigInputStage
                0x00000000080046f8       0x5e Drivers/STM32G4xx_HAL_Driver/Src/stm32g4xx_hal_tim.o
 .text.TIM_TI2_ConfigInputStage
                0x0000000008004756       0x60 Drivers/STM32G4xx_HAL_Driver/Src/stm32g4xx_hal_tim.o
 .text.TIM_ITRx_SetConfig
                0x00000000080047b6       0x3a Drivers/STM32G4xx_HAL_Driver/Src/stm32g4xx_hal_tim.o
 .text.TIM_ETR_SetConfig
                0x00000000080047f0       0x40 Drivers/STM32G4xx_HAL_Driver/Src/stm32g4xx_hal_tim.o
                0x00000000080047f0                TIM_ETR_SetConfig
 .text.TIM_CCxChannelCmd
                0x0000000008004830       0x4a Drivers/STM32G4xx_HAL_Driver/Src/stm32g4xx_hal_tim.o
                0x0000000008004830                TIM_CCxChannelCmd
 *fill*         0x000000000800487a        0x2 
 .text.HAL_TIMEx_MasterConfigSynchronization
                0x000000000800487c       0xcc Drivers/STM32G4xx_HAL_Driver/Src/stm32g4xx_hal_tim_ex.o
                0x000000000800487c                HAL_TIMEx_MasterConfigSynchronization
 .text.HAL_UART_Init
                0x0000000008004948       0xa0 Drivers/STM32G4xx_HAL_Driver/Src/stm32g4xx_hal_uart.o
                0x0000000008004948                HAL_UART_Init
 .text.HAL_HalfDuplex_Init
                0x00000000080049e8       0xb0 Drivers/STM32G4xx_HAL_Driver/Src/stm32g4xx_hal_uart.o
                0x00000000080049e8                HAL_HalfDuplex_Init
 .text.UART_SetConfig
                0x0000000008004a98     0x13dc Drivers/STM32G4xx_HAL_Driver/Src/stm32g4xx_hal_uart.o
                0x0000000008004a98                UART_SetConfig
 .text.UART_AdvFeatureConfig
                0x0000000008005e74      0x144 Drivers/STM32G4xx_HAL_Driver/Src/stm32g4xx_hal_uart.o
                0x0000000008005e74                UART_AdvFeatureConfig
 .text.UART_CheckIdleState
                0x0000000008005fb8       0x90 Drivers/STM32G4xx_HAL_Driver/Src/stm32g4xx_hal_uart.o
                0x0000000008005fb8                UART_CheckIdleState
 .text.UART_WaitOnFlagUntilTimeout
                0x0000000008006048       0x94 Drivers/STM32G4xx_HAL_Driver/Src/stm32g4xx_hal_uart.o
                0x0000000008006048                UART_WaitOnFlagUntilTimeout
 .text.HAL_UARTEx_DisableFifoMode
                0x00000000080060dc       0x72 Drivers/STM32G4xx_HAL_Driver/Src/stm32g4xx_hal_uart_ex.o
                0x00000000080060dc                HAL_UARTEx_DisableFifoMode
 .text.HAL_UARTEx_SetTxFifoThreshold
                0x000000000800614e       0x7c Drivers/STM32G4xx_HAL_Driver/Src/stm32g4xx_hal_uart_ex.o
                0x000000000800614e                HAL_UARTEx_SetTxFifoThreshold
 .text.HAL_UARTEx_SetRxFifoThreshold
                0x00000000080061ca       0x7c Drivers/STM32G4xx_HAL_Driver/Src/stm32g4xx_hal_uart_ex.o
                0x00000000080061ca                HAL_UARTEx_SetRxFifoThreshold
 *fill*         0x0000000008006246        0x2 
 .text.UARTEx_SetNbDataToProcess
                0x0000000008006248       0xd0 Drivers/STM32G4xx_HAL_Driver/Src/stm32g4xx_hal_uart_ex.o
 .text.__libc_init_array
                0x0000000008006318       0x48 d:/st/stm32cubeide_1.0.1/stm32cubeide/plugins/com.st.stm32cube.ide.mcu.externaltools.gnu-tools-for-stm32.7-2018-q2-update.win32_1.0.0.201904181610/tools/bin/../lib/gcc/arm-none-eabi/7.3.1/../../../../arm-none-eabi/lib/thumb/v7e-m/fpv4-sp/hard\libc_nano.a(lib_a-init.o)
                0x0000000008006318                __libc_init_array
 .text.memset   0x0000000008006360       0x10 d:/st/stm32cubeide_1.0.1/stm32cubeide/plugins/com.st.stm32cube.ide.mcu.externaltools.gnu-tools-for-stm32.7-2018-q2-update.win32_1.0.0.201904181610/tools/bin/../lib/gcc/arm-none-eabi/7.3.1/../../../../arm-none-eabi/lib/thumb/v7e-m/fpv4-sp/hard\libc_nano.a(lib_a-memset.o)
                0x0000000008006360                memset
 *(.glue_7)
 .glue_7        0x0000000008006370        0x0 linker stubs
 *(.glue_7t)
 .glue_7t       0x0000000008006370        0x0 linker stubs
 *(.eh_frame)
 .eh_frame      0x0000000008006370        0x0 d:/st/stm32cubeide_1.0.1/stm32cubeide/plugins/com.st.stm32cube.ide.mcu.externaltools.gnu-tools-for-stm32.7-2018-q2-update.win32_1.0.0.201904181610/tools/bin/../lib/gcc/arm-none-eabi/7.3.1/thumb/v7e-m/fpv4-sp/hard/crtbegin.o
 *(.init)
 .init          0x0000000008006370        0x4 d:/st/stm32cubeide_1.0.1/stm32cubeide/plugins/com.st.stm32cube.ide.mcu.externaltools.gnu-tools-for-stm32.7-2018-q2-update.win32_1.0.0.201904181610/tools/bin/../lib/gcc/arm-none-eabi/7.3.1/thumb/v7e-m/fpv4-sp/hard/crti.o
                0x0000000008006370                _init
 .init          0x0000000008006374        0x8 d:/st/stm32cubeide_1.0.1/stm32cubeide/plugins/com.st.stm32cube.ide.mcu.externaltools.gnu-tools-for-stm32.7-2018-q2-update.win32_1.0.0.201904181610/tools/bin/../lib/gcc/arm-none-eabi/7.3.1/thumb/v7e-m/fpv4-sp/hard/crtn.o
 *(.fini)
 .fini          0x000000000800637c        0x4 d:/st/stm32cubeide_1.0.1/stm32cubeide/plugins/com.st.stm32cube.ide.mcu.externaltools.gnu-tools-for-stm32.7-2018-q2-update.win32_1.0.0.201904181610/tools/bin/../lib/gcc/arm-none-eabi/7.3.1/thumb/v7e-m/fpv4-sp/hard/crti.o
                0x000000000800637c                _fini
 .fini          0x0000000008006380        0x8 d:/st/stm32cubeide_1.0.1/stm32cubeide/plugins/com.st.stm32cube.ide.mcu.externaltools.gnu-tools-for-stm32.7-2018-q2-update.win32_1.0.0.201904181610/tools/bin/../lib/gcc/arm-none-eabi/7.3.1/thumb/v7e-m/fpv4-sp/hard/crtn.o
                0x0000000008006388                . = ALIGN (0x4)
                0x0000000008006388                _etext = .

.vfp11_veneer   0x0000000008006388        0x0
 .vfp11_veneer  0x0000000008006388        0x0 linker stubs

.v4_bx          0x0000000008006388        0x0
 .v4_bx         0x0000000008006388        0x0 linker stubs

.iplt           0x0000000008006388        0x0
 .iplt          0x0000000008006388        0x0 d:/st/stm32cubeide_1.0.1/stm32cubeide/plugins/com.st.stm32cube.ide.mcu.externaltools.gnu-tools-for-stm32.7-2018-q2-update.win32_1.0.0.201904181610/tools/bin/../lib/gcc/arm-none-eabi/7.3.1/thumb/v7e-m/fpv4-sp/hard/crtbegin.o

.rodata         0x0000000008006388       0x28
                0x0000000008006388                . = ALIGN (0x4)
 *(.rodata)
 .rodata        0x0000000008006388       0x10 Drivers/STM32G4xx_HAL_Driver/Src/stm32g4xx_hal_uart_ex.o
 *(.rodata*)
 .rodata.AHBPrescTable
                0x0000000008006398       0x10 Core/Src/system_stm32g4xx.o
                0x0000000008006398                AHBPrescTable
 .rodata.APBPrescTable
                0x00000000080063a8        0x8 Core/Src/system_stm32g4xx.o
                0x00000000080063a8                APBPrescTable
                0x00000000080063b0                . = ALIGN (0x4)

.ARM.extab      0x00000000080063b0        0x0
                0x00000000080063b0                . = ALIGN (0x4)
 *(.ARM.extab* .gnu.linkonce.armextab.*)
                0x00000000080063b0                . = ALIGN (0x4)

.ARM            0x00000000080063b0        0x8
                0x00000000080063b0                . = ALIGN (0x4)
                0x00000000080063b0                __exidx_start = .
 *(.ARM.exidx*)
 .ARM.exidx     0x00000000080063b0        0x8 d:/st/stm32cubeide_1.0.1/stm32cubeide/plugins/com.st.stm32cube.ide.mcu.externaltools.gnu-tools-for-stm32.7-2018-q2-update.win32_1.0.0.201904181610/tools/bin/../lib/gcc/arm-none-eabi/7.3.1/thumb/v7e-m/fpv4-sp/hard\libgcc.a(_udivmoddi4.o)
                0x00000000080063b8                __exidx_end = .
                0x00000000080063b8                . = ALIGN (0x4)

.rel.dyn        0x00000000080063b8        0x0
 .rel.iplt      0x00000000080063b8        0x0 d:/st/stm32cubeide_1.0.1/stm32cubeide/plugins/com.st.stm32cube.ide.mcu.externaltools.gnu-tools-for-stm32.7-2018-q2-update.win32_1.0.0.201904181610/tools/bin/../lib/gcc/arm-none-eabi/7.3.1/thumb/v7e-m/fpv4-sp/hard/crtbegin.o

.preinit_array  0x00000000080063b8        0x0
                0x00000000080063b8                . = ALIGN (0x4)
                0x00000000080063b8                PROVIDE (__preinit_array_start = .)
 *(.preinit_array*)
                0x00000000080063b8                PROVIDE (__preinit_array_end = .)
                0x00000000080063b8                . = ALIGN (0x4)

.init_array     0x00000000080063b8        0x4
                0x00000000080063b8                . = ALIGN (0x4)
                0x00000000080063b8                PROVIDE (__init_array_start = .)
 *(SORT_BY_NAME(.init_array.*))
 *(.init_array*)
 .init_array    0x00000000080063b8        0x4 d:/st/stm32cubeide_1.0.1/stm32cubeide/plugins/com.st.stm32cube.ide.mcu.externaltools.gnu-tools-for-stm32.7-2018-q2-update.win32_1.0.0.201904181610/tools/bin/../lib/gcc/arm-none-eabi/7.3.1/thumb/v7e-m/fpv4-sp/hard/crtbegin.o
                0x00000000080063bc                PROVIDE (__init_array_end = .)
                0x00000000080063bc                . = ALIGN (0x4)

.fini_array     0x00000000080063bc        0x4
                0x00000000080063bc                . = ALIGN (0x4)
                [!provide]                        PROVIDE (__fini_array_start = .)
 *(SORT_BY_NAME(.fini_array.*))
 *(.fini_array*)
 .fini_array    0x00000000080063bc        0x4 d:/st/stm32cubeide_1.0.1/stm32cubeide/plugins/com.st.stm32cube.ide.mcu.externaltools.gnu-tools-for-stm32.7-2018-q2-update.win32_1.0.0.201904181610/tools/bin/../lib/gcc/arm-none-eabi/7.3.1/thumb/v7e-m/fpv4-sp/hard/crtbegin.o
                [!provide]                        PROVIDE (__fini_array_end = .)
                0x00000000080063c0                . = ALIGN (0x4)
                0x00000000080063c0                _sidata = LOADADDR (.data)

.data           0x0000000020000000        0xc load address 0x00000000080063c0
                0x0000000020000000                . = ALIGN (0x4)
                0x0000000020000000                _sdata = .
 *(.data)
 *(.data*)
 .data.SystemCoreClock
                0x0000000020000000        0x4 Core/Src/system_stm32g4xx.o
                0x0000000020000000                SystemCoreClock
 .data.uwTickPrio
                0x0000000020000004        0x4 Drivers/STM32G4xx_HAL_Driver/Src/stm32g4xx_hal.o
                0x0000000020000004                uwTickPrio
 .data.uwTickFreq
                0x0000000020000008        0x4 Drivers/STM32G4xx_HAL_Driver/Src/stm32g4xx_hal.o
                0x0000000020000008                uwTickFreq
                0x000000002000000c                . = ALIGN (0x4)
                0x000000002000000c                _edata = .

.igot.plt       0x000000002000000c        0x0 load address 0x00000000080063cc
 .igot.plt      0x000000002000000c        0x0 d:/st/stm32cubeide_1.0.1/stm32cubeide/plugins/com.st.stm32cube.ide.mcu.externaltools.gnu-tools-for-stm32.7-2018-q2-update.win32_1.0.0.201904181610/tools/bin/../lib/gcc/arm-none-eabi/7.3.1/thumb/v7e-m/fpv4-sp/hard/crtbegin.o
                0x000000002000000c                . = ALIGN (0x4)

.bss            0x000000002000000c      0x330 load address 0x00000000080063cc
                0x000000002000000c                _sbss = .
                0x000000002000000c                __bss_start__ = _sbss
 *(.bss)
 .bss           0x000000002000000c       0x1c d:/st/stm32cubeide_1.0.1/stm32cubeide/plugins/com.st.stm32cube.ide.mcu.externaltools.gnu-tools-for-stm32.7-2018-q2-update.win32_1.0.0.201904181610/tools/bin/../lib/gcc/arm-none-eabi/7.3.1/thumb/v7e-m/fpv4-sp/hard/crtbegin.o
 *(.bss*)
 *(COMMON)
 COMMON         0x0000000020000028       0x64 Core/Src/fdcan.o
                0x0000000020000028                hfdcan3
 COMMON         0x000000002000008c       0x4c Core/Src/i2c.o
                0x000000002000008c                hi2c1
 COMMON         0x00000000200000d8       0xc8 Core/Src/spi.o
                0x00000000200000d8                hspi2
                0x000000002000013c                hspi1
 COMMON         0x00000000200001a0       0x80 Core/Src/tim.o
                0x00000000200001a0                htim5
                0x00000000200001e0                htim2
 COMMON         0x0000000020000220      0x118 Core/Src/usart.o
                0x0000000020000220                huart3
                0x00000000200002ac                huart1
 COMMON         0x0000000020000338        0x4 Drivers/STM32G4xx_HAL_Driver/Src/stm32g4xx_hal.o
                0x0000000020000338                uwTick
                0x000000002000033c                . = ALIGN (0x4)
                0x000000002000033c                _ebss = .
                0x000000002000033c                __bss_end__ = _ebss

._user_heap_stack
                0x000000002000033c      0x604 load address 0x00000000080063cc
                0x0000000020000340                . = ALIGN (0x8)
 *fill*         0x000000002000033c        0x4 
                0x0000000020000340                PROVIDE (end = .)
                [!provide]                        PROVIDE (_end = .)
                0x0000000020000540                . = (. + _Min_Heap_Size)
 *fill*         0x0000000020000340      0x200 
                0x0000000020000940                . = (. + _Min_Stack_Size)
 *fill*         0x0000000020000540      0x400 
                0x0000000020000940                . = ALIGN (0x8)

/DISCARD/
 libc.a(*)
 libm.a(*)
 libgcc.a(*)

.ARM.attributes
                0x0000000000000000       0x30
 *(.ARM.attributes)
 .ARM.attributes
                0x0000000000000000       0x22 d:/st/stm32cubeide_1.0.1/stm32cubeide/plugins/com.st.stm32cube.ide.mcu.externaltools.gnu-tools-for-stm32.7-2018-q2-update.win32_1.0.0.201904181610/tools/bin/../lib/gcc/arm-none-eabi/7.3.1/thumb/v7e-m/fpv4-sp/hard/crti.o
 .ARM.attributes
                0x0000000000000022       0x34 d:/st/stm32cubeide_1.0.1/stm32cubeide/plugins/com.st.stm32cube.ide.mcu.externaltools.gnu-tools-for-stm32.7-2018-q2-update.win32_1.0.0.201904181610/tools/bin/../lib/gcc/arm-none-eabi/7.3.1/thumb/v7e-m/fpv4-sp/hard/crtbegin.o
 .ARM.attributes
                0x0000000000000056       0x39 Core/Src/fdcan.o
 .ARM.attributes
                0x000000000000008f       0x39 Core/Src/gpio.o
 .ARM.attributes
                0x00000000000000c8       0x39 Core/Src/i2c.o
 .ARM.attributes
                0x0000000000000101       0x39 Core/Src/main.o
 .ARM.attributes
                0x000000000000013a       0x39 Core/Src/spi.o
 .ARM.attributes
                0x0000000000000173       0x39 Core/Src/stm32g4xx_hal_msp.o
 .ARM.attributes
                0x00000000000001ac       0x39 Core/Src/stm32g4xx_it.o
 .ARM.attributes
                0x00000000000001e5       0x39 Core/Src/system_stm32g4xx.o
 .ARM.attributes
                0x000000000000021e       0x39 Core/Src/tim.o
 .ARM.attributes
                0x0000000000000257       0x39 Core/Src/usart.o
 .ARM.attributes
                0x0000000000000290       0x21 Core/Startup/startup_stm32g474vehx.o
 .ARM.attributes
                0x00000000000002b1       0x39 Drivers/STM32G4xx_HAL_Driver/Src/stm32g4xx_hal.o
 .ARM.attributes
                0x00000000000002ea       0x39 Drivers/STM32G4xx_HAL_Driver/Src/stm32g4xx_hal_cortex.o
 .ARM.attributes
                0x0000000000000323       0x39 Drivers/STM32G4xx_HAL_Driver/Src/stm32g4xx_hal_fdcan.o
 .ARM.attributes
                0x000000000000035c       0x39 Drivers/STM32G4xx_HAL_Driver/Src/stm32g4xx_hal_gpio.o
 .ARM.attributes
                0x0000000000000395       0x39 Drivers/STM32G4xx_HAL_Driver/Src/stm32g4xx_hal_i2c.o
 .ARM.attributes
                0x00000000000003ce       0x39 Drivers/STM32G4xx_HAL_Driver/Src/stm32g4xx_hal_i2c_ex.o
 .ARM.attributes
                0x0000000000000407       0x39 Drivers/STM32G4xx_HAL_Driver/Src/stm32g4xx_hal_pwr_ex.o
 .ARM.attributes
                0x0000000000000440       0x39 Drivers/STM32G4xx_HAL_Driver/Src/stm32g4xx_hal_rcc.o
 .ARM.attributes
                0x0000000000000479       0x39 Drivers/STM32G4xx_HAL_Driver/Src/stm32g4xx_hal_rcc_ex.o
 .ARM.attributes
                0x00000000000004b2       0x39 Drivers/STM32G4xx_HAL_Driver/Src/stm32g4xx_hal_spi.o
 .ARM.attributes
                0x00000000000004eb       0x39 Drivers/STM32G4xx_HAL_Driver/Src/stm32g4xx_hal_tim.o
 .ARM.attributes
                0x0000000000000524       0x39 Drivers/STM32G4xx_HAL_Driver/Src/stm32g4xx_hal_tim_ex.o
 .ARM.attributes
                0x000000000000055d       0x39 Drivers/STM32G4xx_HAL_Driver/Src/stm32g4xx_hal_uart.o
 .ARM.attributes
                0x0000000000000596       0x39 Drivers/STM32G4xx_HAL_Driver/Src/stm32g4xx_hal_uart_ex.o
 .ARM.attributes
                0x00000000000005cf       0x34 d:/st/stm32cubeide_1.0.1/stm32cubeide/plugins/com.st.stm32cube.ide.mcu.externaltools.gnu-tools-for-stm32.7-2018-q2-update.win32_1.0.0.201904181610/tools/bin/../lib/gcc/arm-none-eabi/7.3.1/../../../../arm-none-eabi/lib/thumb/v7e-m/fpv4-sp/hard\libc_nano.a(lib_a-init.o)
 .ARM.attributes
                0x0000000000000603       0x34 d:/st/stm32cubeide_1.0.1/stm32cubeide/plugins/com.st.stm32cube.ide.mcu.externaltools.gnu-tools-for-stm32.7-2018-q2-update.win32_1.0.0.201904181610/tools/bin/../lib/gcc/arm-none-eabi/7.3.1/../../../../arm-none-eabi/lib/thumb/v7e-m/fpv4-sp/hard\libc_nano.a(lib_a-memset.o)
 .ARM.attributes
                0x0000000000000637       0x22 d:/st/stm32cubeide_1.0.1/stm32cubeide/plugins/com.st.stm32cube.ide.mcu.externaltools.gnu-tools-for-stm32.7-2018-q2-update.win32_1.0.0.201904181610/tools/bin/../lib/gcc/arm-none-eabi/7.3.1/thumb/v7e-m/fpv4-sp/hard\libgcc.a(_aeabi_uldivmod.o)
 .ARM.attributes
                0x0000000000000659       0x34 d:/st/stm32cubeide_1.0.1/stm32cubeide/plugins/com.st.stm32cube.ide.mcu.externaltools.gnu-tools-for-stm32.7-2018-q2-update.win32_1.0.0.201904181610/tools/bin/../lib/gcc/arm-none-eabi/7.3.1/thumb/v7e-m/fpv4-sp/hard\libgcc.a(_udivmoddi4.o)
 .ARM.attributes
                0x000000000000068d       0x22 d:/st/stm32cubeide_1.0.1/stm32cubeide/plugins/com.st.stm32cube.ide.mcu.externaltools.gnu-tools-for-stm32.7-2018-q2-update.win32_1.0.0.201904181610/tools/bin/../lib/gcc/arm-none-eabi/7.3.1/thumb/v7e-m/fpv4-sp/hard\libgcc.a(_dvmd_tls.o)
 .ARM.attributes
                0x00000000000006af       0x22 d:/st/stm32cubeide_1.0.1/stm32cubeide/plugins/com.st.stm32cube.ide.mcu.externaltools.gnu-tools-for-stm32.7-2018-q2-update.win32_1.0.0.201904181610/tools/bin/../lib/gcc/arm-none-eabi/7.3.1/thumb/v7e-m/fpv4-sp/hard/crtn.o
OUTPUT(kapukiTRX-hw-trx.elf elf32-littlearm)

.debug_info     0x0000000000000000    0x18164
 .debug_info    0x0000000000000000      0xad3 Core/Src/fdcan.o
 .debug_info    0x0000000000000ad3      0x684 Core/Src/gpio.o
 .debug_info    0x0000000000001157      0xca8 Core/Src/i2c.o
 .debug_info    0x0000000000001dff     0x194a Core/Src/main.o
 .debug_info    0x0000000000003749      0xc4e Core/Src/spi.o
 .debug_info    0x0000000000004397      0x631 Core/Src/stm32g4xx_hal_msp.o
 .debug_info    0x00000000000049c8      0x2f3 Core/Src/stm32g4xx_it.o
 .debug_info    0x0000000000004cbb      0x6af Core/Src/system_stm32g4xx.o
 .debug_info    0x000000000000536a      0xe7f Core/Src/tim.o
 .debug_info    0x00000000000061e9      0xcd2 Core/Src/usart.o
 .debug_info    0x0000000000006ebb       0x22 Core/Startup/startup_stm32g474vehx.o
 .debug_info    0x0000000000006edd      0xc55 Drivers/STM32G4xx_HAL_Driver/Src/stm32g4xx_hal.o
 .debug_info    0x0000000000007b32      0xf75 Drivers/STM32G4xx_HAL_Driver/Src/stm32g4xx_hal_cortex.o
 .debug_info    0x0000000000008aa7     0x1976 Drivers/STM32G4xx_HAL_Driver/Src/stm32g4xx_hal_fdcan.o
 .debug_info    0x000000000000a41d      0x969 Drivers/STM32G4xx_HAL_Driver/Src/stm32g4xx_hal_gpio.o
 .debug_info    0x000000000000ad86     0x213d Drivers/STM32G4xx_HAL_Driver/Src/stm32g4xx_hal_i2c.o
 .debug_info    0x000000000000cec3      0xc3c Drivers/STM32G4xx_HAL_Driver/Src/stm32g4xx_hal_i2c_ex.o
 .debug_info    0x000000000000daff      0xa9c Drivers/STM32G4xx_HAL_Driver/Src/stm32g4xx_hal_pwr_ex.o
 .debug_info    0x000000000000e59b      0xd03 Drivers/STM32G4xx_HAL_Driver/Src/stm32g4xx_hal_rcc.o
 .debug_info    0x000000000000f29e      0xdc2 Drivers/STM32G4xx_HAL_Driver/Src/stm32g4xx_hal_rcc_ex.o
 .debug_info    0x0000000000010060     0x17fd Drivers/STM32G4xx_HAL_Driver/Src/stm32g4xx_hal_spi.o
 .debug_info    0x000000000001185d     0x2884 Drivers/STM32G4xx_HAL_Driver/Src/stm32g4xx_hal_tim.o
 .debug_info    0x00000000000140e1     0x1a34 Drivers/STM32G4xx_HAL_Driver/Src/stm32g4xx_hal_tim_ex.o
 .debug_info    0x0000000000015b15     0x19d5 Drivers/STM32G4xx_HAL_Driver/Src/stm32g4xx_hal_uart.o
 .debug_info    0x00000000000174ea      0xc7a Drivers/STM32G4xx_HAL_Driver/Src/stm32g4xx_hal_uart_ex.o

.debug_abbrev   0x0000000000000000     0x2c12
 .debug_abbrev  0x0000000000000000      0x173 Core/Src/fdcan.o
 .debug_abbrev  0x0000000000000173      0x134 Core/Src/gpio.o
 .debug_abbrev  0x00000000000002a7      0x1a4 Core/Src/i2c.o
 .debug_abbrev  0x000000000000044b      0x1e8 Core/Src/main.o
 .debug_abbrev  0x0000000000000633      0x199 Core/Src/spi.o
 .debug_abbrev  0x00000000000007cc      0x13d Core/Src/stm32g4xx_hal_msp.o
 .debug_abbrev  0x0000000000000909       0xe2 Core/Src/stm32g4xx_it.o
 .debug_abbrev  0x00000000000009eb      0x147 Core/Src/system_stm32g4xx.o
 .debug_abbrev  0x0000000000000b32      0x1ef Core/Src/tim.o
 .debug_abbrev  0x0000000000000d21      0x199 Core/Src/usart.o
 .debug_abbrev  0x0000000000000eba       0x12 Core/Startup/startup_stm32g474vehx.o
 .debug_abbrev  0x0000000000000ecc      0x1fb Drivers/STM32G4xx_HAL_Driver/Src/stm32g4xx_hal.o
 .debug_abbrev  0x00000000000010c7      0x2f1 Drivers/STM32G4xx_HAL_Driver/Src/stm32g4xx_hal_cortex.o
 .debug_abbrev  0x00000000000013b8      0x1be Drivers/STM32G4xx_HAL_Driver/Src/stm32g4xx_hal_fdcan.o
 .debug_abbrev  0x0000000000001576      0x1c0 Drivers/STM32G4xx_HAL_Driver/Src/stm32g4xx_hal_gpio.o
 .debug_abbrev  0x0000000000001736      0x22a Drivers/STM32G4xx_HAL_Driver/Src/stm32g4xx_hal_i2c.o
 .debug_abbrev  0x0000000000001960      0x1b9 Drivers/STM32G4xx_HAL_Driver/Src/stm32g4xx_hal_i2c_ex.o
 .debug_abbrev  0x0000000000001b19      0x1fd Drivers/STM32G4xx_HAL_Driver/Src/stm32g4xx_hal_pwr_ex.o
 .debug_abbrev  0x0000000000001d16      0x245 Drivers/STM32G4xx_HAL_Driver/Src/stm32g4xx_hal_rcc.o
 .debug_abbrev  0x0000000000001f5b      0x204 Drivers/STM32G4xx_HAL_Driver/Src/stm32g4xx_hal_rcc_ex.o
 .debug_abbrev  0x000000000000215f      0x228 Drivers/STM32G4xx_HAL_Driver/Src/stm32g4xx_hal_spi.o
 .debug_abbrev  0x0000000000002387      0x25b Drivers/STM32G4xx_HAL_Driver/Src/stm32g4xx_hal_tim.o
 .debug_abbrev  0x00000000000025e2      0x249 Drivers/STM32G4xx_HAL_Driver/Src/stm32g4xx_hal_tim_ex.o
 .debug_abbrev  0x000000000000282b      0x205 Drivers/STM32G4xx_HAL_Driver/Src/stm32g4xx_hal_uart.o
 .debug_abbrev  0x0000000000002a30      0x1e2 Drivers/STM32G4xx_HAL_Driver/Src/stm32g4xx_hal_uart_ex.o

.debug_aranges  0x0000000000000000     0x16a0
 .debug_aranges
                0x0000000000000000       0x30 Core/Src/fdcan.o
 .debug_aranges
                0x0000000000000030       0x20 Core/Src/gpio.o
 .debug_aranges
                0x0000000000000050       0x30 Core/Src/i2c.o
 .debug_aranges
                0x0000000000000080       0x30 Core/Src/main.o
 .debug_aranges
                0x00000000000000b0       0x38 Core/Src/spi.o
 .debug_aranges
                0x00000000000000e8       0x28 Core/Src/stm32g4xx_hal_msp.o
 .debug_aranges
                0x0000000000000110       0x60 Core/Src/stm32g4xx_it.o
 .debug_aranges
                0x0000000000000170       0x28 Core/Src/system_stm32g4xx.o
 .debug_aranges
                0x0000000000000198       0x40 Core/Src/tim.o
 .debug_aranges
                0x00000000000001d8       0x38 Core/Src/usart.o
 .debug_aranges
                0x0000000000000210       0x28 Core/Startup/startup_stm32g474vehx.o
 .debug_aranges
                0x0000000000000238      0x130 Drivers/STM32G4xx_HAL_Driver/Src/stm32g4xx_hal.o
 .debug_aranges
                0x0000000000000368      0x118 Drivers/STM32G4xx_HAL_Driver/Src/stm32g4xx_hal_cortex.o
 .debug_aranges
                0x0000000000000480      0x208 Drivers/STM32G4xx_HAL_Driver/Src/stm32g4xx_hal_fdcan.o
 .debug_aranges
                0x0000000000000688       0x58 Drivers/STM32G4xx_HAL_Driver/Src/stm32g4xx_hal_gpio.o
 .debug_aranges
                0x00000000000006e0      0x288 Drivers/STM32G4xx_HAL_Driver/Src/stm32g4xx_hal_i2c.o
 .debug_aranges
                0x0000000000000968       0x48 Drivers/STM32G4xx_HAL_Driver/Src/stm32g4xx_hal_i2c_ex.o
 .debug_aranges
                0x00000000000009b0      0x140 Drivers/STM32G4xx_HAL_Driver/Src/stm32g4xx_hal_pwr_ex.o
 .debug_aranges
                0x0000000000000af0       0x98 Drivers/STM32G4xx_HAL_Driver/Src/stm32g4xx_hal_rcc.o
 .debug_aranges
                0x0000000000000b88       0xb0 Drivers/STM32G4xx_HAL_Driver/Src/stm32g4xx_hal_rcc_ex.o
 .debug_aranges
                0x0000000000000c38      0x1d8 Drivers/STM32G4xx_HAL_Driver/Src/stm32g4xx_hal_spi.o
 .debug_aranges
                0x0000000000000e10      0x3c8 Drivers/STM32G4xx_HAL_Driver/Src/stm32g4xx_hal_tim.o
 .debug_aranges
                0x00000000000011d8      0x228 Drivers/STM32G4xx_HAL_Driver/Src/stm32g4xx_hal_tim_ex.o
 .debug_aranges
                0x0000000000001400      0x218 Drivers/STM32G4xx_HAL_Driver/Src/stm32g4xx_hal_uart.o
 .debug_aranges
                0x0000000000001618       0x88 Drivers/STM32G4xx_HAL_Driver/Src/stm32g4xx_hal_uart_ex.o

.debug_ranges   0x0000000000000000     0x1518
 .debug_ranges  0x0000000000000000       0x20 Core/Src/fdcan.o
 .debug_ranges  0x0000000000000020       0x10 Core/Src/gpio.o
 .debug_ranges  0x0000000000000030       0x20 Core/Src/i2c.o
 .debug_ranges  0x0000000000000050       0x20 Core/Src/main.o
 .debug_ranges  0x0000000000000070       0x28 Core/Src/spi.o
 .debug_ranges  0x0000000000000098       0x18 Core/Src/stm32g4xx_hal_msp.o
 .debug_ranges  0x00000000000000b0       0x50 Core/Src/stm32g4xx_it.o
 .debug_ranges  0x0000000000000100       0x18 Core/Src/system_stm32g4xx.o
 .debug_ranges  0x0000000000000118       0x30 Core/Src/tim.o
 .debug_ranges  0x0000000000000148       0x28 Core/Src/usart.o
 .debug_ranges  0x0000000000000170       0x20 Core/Startup/startup_stm32g474vehx.o
 .debug_ranges  0x0000000000000190      0x120 Drivers/STM32G4xx_HAL_Driver/Src/stm32g4xx_hal.o
 .debug_ranges  0x00000000000002b0      0x108 Drivers/STM32G4xx_HAL_Driver/Src/stm32g4xx_hal_cortex.o
 .debug_ranges  0x00000000000003b8      0x1f8 Drivers/STM32G4xx_HAL_Driver/Src/stm32g4xx_hal_fdcan.o
 .debug_ranges  0x00000000000005b0       0x48 Drivers/STM32G4xx_HAL_Driver/Src/stm32g4xx_hal_gpio.o
 .debug_ranges  0x00000000000005f8      0x278 Drivers/STM32G4xx_HAL_Driver/Src/stm32g4xx_hal_i2c.o
 .debug_ranges  0x0000000000000870       0x38 Drivers/STM32G4xx_HAL_Driver/Src/stm32g4xx_hal_i2c_ex.o
 .debug_ranges  0x00000000000008a8      0x130 Drivers/STM32G4xx_HAL_Driver/Src/stm32g4xx_hal_pwr_ex.o
 .debug_ranges  0x00000000000009d8       0x88 Drivers/STM32G4xx_HAL_Driver/Src/stm32g4xx_hal_rcc.o
 .debug_ranges  0x0000000000000a60       0xa0 Drivers/STM32G4xx_HAL_Driver/Src/stm32g4xx_hal_rcc_ex.o
 .debug_ranges  0x0000000000000b00      0x1c8 Drivers/STM32G4xx_HAL_Driver/Src/stm32g4xx_hal_spi.o
 .debug_ranges  0x0000000000000cc8      0x3b8 Drivers/STM32G4xx_HAL_Driver/Src/stm32g4xx_hal_tim.o
 .debug_ranges  0x0000000000001080      0x218 Drivers/STM32G4xx_HAL_Driver/Src/stm32g4xx_hal_tim_ex.o
 .debug_ranges  0x0000000000001298      0x208 Drivers/STM32G4xx_HAL_Driver/Src/stm32g4xx_hal_uart.o
 .debug_ranges  0x00000000000014a0       0x78 Drivers/STM32G4xx_HAL_Driver/Src/stm32g4xx_hal_uart_ex.o

.debug_macro    0x0000000000000000    0x27976
 .debug_macro   0x0000000000000000      0x228 Core/Src/fdcan.o
 .debug_macro   0x0000000000000228      0xa5a Core/Src/fdcan.o
 .debug_macro   0x0000000000000c82      0x16d Core/Src/fdcan.o
 .debug_macro   0x0000000000000def       0x2e Core/Src/fdcan.o
 .debug_macro   0x0000000000000e1d       0x28 Core/Src/fdcan.o
 .debug_macro   0x0000000000000e45       0x22 Core/Src/fdcan.o
 .debug_macro   0x0000000000000e67       0x8e Core/Src/fdcan.o
 .debug_macro   0x0000000000000ef5       0x51 Core/Src/fdcan.o
 .debug_macro   0x0000000000000f46       0xef Core/Src/fdcan.o
 .debug_macro   0x0000000000001035       0x6a Core/Src/fdcan.o
 .debug_macro   0x000000000000109f      0x1df Core/Src/fdcan.o
 .debug_macro   0x000000000000127e       0x1c Core/Src/fdcan.o
 .debug_macro   0x000000000000129a       0x22 Core/Src/fdcan.o
 .debug_macro   0x00000000000012bc       0xdf Core/Src/fdcan.o
 .debug_macro   0x000000000000139b     0x102d Core/Src/fdcan.o
 .debug_macro   0x00000000000023c8      0x11f Core/Src/fdcan.o
 .debug_macro   0x00000000000024e7    0x185f8 Core/Src/fdcan.o
 .debug_macro   0x000000000001aadf       0x43 Core/Src/fdcan.o
 .debug_macro   0x000000000001ab22     0x34ae Core/Src/fdcan.o
 .debug_macro   0x000000000001dfd0      0x174 Core/Src/fdcan.o
 .debug_macro   0x000000000001e144       0x5a Core/Src/fdcan.o
 .debug_macro   0x000000000001e19e     0x16e0 Core/Src/fdcan.o
 .debug_macro   0x000000000001f87e      0x600 Core/Src/fdcan.o
 .debug_macro   0x000000000001fe7e      0x137 Core/Src/fdcan.o
 .debug_macro   0x000000000001ffb5      0x32f Core/Src/fdcan.o
 .debug_macro   0x00000000000202e4      0x53c Core/Src/fdcan.o
 .debug_macro   0x0000000000020820      0x18b Core/Src/fdcan.o
 .debug_macro   0x00000000000209ab       0x43 Core/Src/fdcan.o
 .debug_macro   0x00000000000209ee      0x23d Core/Src/fdcan.o
 .debug_macro   0x0000000000020c2b      0x212 Core/Src/fdcan.o
 .debug_macro   0x0000000000020e3d      0x6af Core/Src/fdcan.o
 .debug_macro   0x00000000000214ec      0x45c Core/Src/fdcan.o
 .debug_macro   0x0000000000021948      0x11c Core/Src/fdcan.o
 .debug_macro   0x0000000000021a64      0x22c Core/Src/fdcan.o
 .debug_macro   0x0000000000021c90       0x5e Core/Src/fdcan.o
 .debug_macro   0x0000000000021cee       0xa5 Core/Src/fdcan.o
 .debug_macro   0x0000000000021d93      0x122 Core/Src/fdcan.o
 .debug_macro   0x0000000000021eb5      0x3d1 Core/Src/fdcan.o
 .debug_macro   0x0000000000022286      0x2fe Core/Src/fdcan.o
 .debug_macro   0x0000000000022584      0xb8d Core/Src/fdcan.o
 .debug_macro   0x0000000000023111      0x71a Core/Src/fdcan.o
 .debug_macro   0x000000000002382b      0x63f Core/Src/fdcan.o
 .debug_macro   0x0000000000023e6a       0xa6 Core/Src/fdcan.o
 .debug_macro   0x0000000000023f10      0x359 Core/Src/fdcan.o
 .debug_macro   0x0000000000024269      0x1eb Core/Src/fdcan.o
 .debug_macro   0x0000000000024454      0x21c Core/Src/fdcan.o
 .debug_macro   0x0000000000024670      0x228 Core/Src/gpio.o
 .debug_macro   0x0000000000024898      0x228 Core/Src/i2c.o
 .debug_macro   0x0000000000024ac0      0x25e Core/Src/main.o
 .debug_macro   0x0000000000024d1e      0x228 Core/Src/spi.o
 .debug_macro   0x0000000000024f46      0x21e Core/Src/stm32g4xx_hal_msp.o
 .debug_macro   0x0000000000025164      0x228 Core/Src/stm32g4xx_it.o
 .debug_macro   0x000000000002538c      0x20c Core/Src/system_stm32g4xx.o
 .debug_macro   0x0000000000025598      0x228 Core/Src/tim.o
 .debug_macro   0x00000000000257c0      0x228 Core/Src/usart.o
 .debug_macro   0x00000000000259e8      0x254 Drivers/STM32G4xx_HAL_Driver/Src/stm32g4xx_hal.o
 .debug_macro   0x0000000000025c3c      0x206 Drivers/STM32G4xx_HAL_Driver/Src/stm32g4xx_hal_cortex.o
 .debug_macro   0x0000000000025e42      0x318 Drivers/STM32G4xx_HAL_Driver/Src/stm32g4xx_hal_fdcan.o
 .debug_macro   0x000000000002615a      0x23e Drivers/STM32G4xx_HAL_Driver/Src/stm32g4xx_hal_gpio.o
 .debug_macro   0x0000000000026398      0x2cb Drivers/STM32G4xx_HAL_Driver/Src/stm32g4xx_hal_i2c.o
 .debug_macro   0x0000000000026663      0x206 Drivers/STM32G4xx_HAL_Driver/Src/stm32g4xx_hal_i2c_ex.o
 .debug_macro   0x0000000000026869      0x230 Drivers/STM32G4xx_HAL_Driver/Src/stm32g4xx_hal_pwr_ex.o
 .debug_macro   0x0000000000026a99      0x242 Drivers/STM32G4xx_HAL_Driver/Src/stm32g4xx_hal_rcc.o
 .debug_macro   0x0000000000026cdb      0x230 Drivers/STM32G4xx_HAL_Driver/Src/stm32g4xx_hal_rcc_ex.o
 .debug_macro   0x0000000000026f0b      0x20e Drivers/STM32G4xx_HAL_Driver/Src/stm32g4xx_hal_spi.o
 .debug_macro   0x0000000000027119      0x20e Drivers/STM32G4xx_HAL_Driver/Src/stm32g4xx_hal_tim.o
 .debug_macro   0x0000000000027327      0x20c Drivers/STM32G4xx_HAL_Driver/Src/stm32g4xx_hal_tim_ex.o
 .debug_macro   0x0000000000027533      0x231 Drivers/STM32G4xx_HAL_Driver/Src/stm32g4xx_hal_uart.o
 .debug_macro   0x0000000000027764      0x212 Drivers/STM32G4xx_HAL_Driver/Src/stm32g4xx_hal_uart_ex.o

.debug_line     0x0000000000000000    0x127c1
 .debug_line    0x0000000000000000      0x7aa Core/Src/fdcan.o
 .debug_line    0x00000000000007aa      0x7d3 Core/Src/gpio.o
 .debug_line    0x0000000000000f7d      0x7a4 Core/Src/i2c.o
 .debug_line    0x0000000000001721      0x808 Core/Src/main.o
 .debug_line    0x0000000000001f29      0x7da Core/Src/spi.o
 .debug_line    0x0000000000002703      0x782 Core/Src/stm32g4xx_hal_msp.o
 .debug_line    0x0000000000002e85      0x811 Core/Src/stm32g4xx_it.o
 .debug_line    0x0000000000003696      0x772 Core/Src/system_stm32g4xx.o
 .debug_line    0x0000000000003e08      0x832 Core/Src/tim.o
 .debug_line    0x000000000000463a      0x7eb Core/Src/usart.o
 .debug_line    0x0000000000004e25       0x89 Core/Startup/startup_stm32g474vehx.o
 .debug_line    0x0000000000004eae      0x9f5 Drivers/STM32G4xx_HAL_Driver/Src/stm32g4xx_hal.o
 .debug_line    0x00000000000058a3      0xa7d Drivers/STM32G4xx_HAL_Driver/Src/stm32g4xx_hal_cortex.o
 .debug_line    0x0000000000006320      0xf42 Drivers/STM32G4xx_HAL_Driver/Src/stm32g4xx_hal_fdcan.o
 .debug_line    0x0000000000007262      0x8fb Drivers/STM32G4xx_HAL_Driver/Src/stm32g4xx_hal_gpio.o
 .debug_line    0x0000000000007b5d     0x1acd Drivers/STM32G4xx_HAL_Driver/Src/stm32g4xx_hal_i2c.o
 .debug_line    0x000000000000962a      0x89b Drivers/STM32G4xx_HAL_Driver/Src/stm32g4xx_hal_i2c_ex.o
 .debug_line    0x0000000000009ec5      0xae2 Drivers/STM32G4xx_HAL_Driver/Src/stm32g4xx_hal_pwr_ex.o
 .debug_line    0x000000000000a9a7      0xa36 Drivers/STM32G4xx_HAL_Driver/Src/stm32g4xx_hal_rcc.o
 .debug_line    0x000000000000b3dd      0xc70 Drivers/STM32G4xx_HAL_Driver/Src/stm32g4xx_hal_rcc_ex.o
 .debug_line    0x000000000000c04d     0x11d4 Drivers/STM32G4xx_HAL_Driver/Src/stm32g4xx_hal_spi.o
 .debug_line    0x000000000000d221     0x1da8 Drivers/STM32G4xx_HAL_Driver/Src/stm32g4xx_hal_tim.o
 .debug_line    0x000000000000efc9     0x1174 Drivers/STM32G4xx_HAL_Driver/Src/stm32g4xx_hal_tim_ex.o
 .debug_line    0x000000000001013d     0x1cbe Drivers/STM32G4xx_HAL_Driver/Src/stm32g4xx_hal_uart.o
 .debug_line    0x0000000000011dfb      0x9c6 Drivers/STM32G4xx_HAL_Driver/Src/stm32g4xx_hal_uart_ex.o

.debug_str      0x0000000000000000    0xff35c
 .debug_str     0x0000000000000000    0xf7adb Core/Src/fdcan.o
                                      0xf7dbe (size before relaxing)
 .debug_str     0x00000000000f7adb       0x46 Core/Src/gpio.o
                                      0xf7a7b (size before relaxing)
 .debug_str     0x00000000000f7b21      0x561 Core/Src/i2c.o
                                      0xf8033 (size before relaxing)
 .debug_str     0x00000000000f8082      0x882 Core/Src/main.o
                                      0xf8ad2 (size before relaxing)
 .debug_str     0x00000000000f8904       0x58 Core/Src/spi.o
                                      0xf7f5d (size before relaxing)
 .debug_str     0x00000000000f895c       0xa8 Core/Src/stm32g4xx_hal_msp.o
                                      0xf7a65 (size before relaxing)
 .debug_str     0x00000000000f8a04       0xbd Core/Src/stm32g4xx_it.o
                                      0xf7918 (size before relaxing)
 .debug_str     0x00000000000f8ac1       0xc6 Core/Src/system_stm32g4xx.o
                                      0xf67f7 (size before relaxing)
 .debug_str     0x00000000000f8b87      0x18d Core/Src/tim.o
                                      0xf80de (size before relaxing)
 .debug_str     0x00000000000f8d14       0x6b Core/Src/usart.o
                                      0xf7f9b (size before relaxing)
 .debug_str     0x00000000000f8d7f       0x36 Core/Startup/startup_stm32g474vehx.o
                                         0x68 (size before relaxing)
 .debug_str     0x00000000000f8db5      0xb71 Drivers/STM32G4xx_HAL_Driver/Src/stm32g4xx_hal.o
                                      0xf747b (size before relaxing)
 .debug_str     0x00000000000f9926      0x392 Drivers/STM32G4xx_HAL_Driver/Src/stm32g4xx_hal_cortex.o
                                      0xf718f (size before relaxing)
 .debug_str     0x00000000000f9cb8     0x133e Drivers/STM32G4xx_HAL_Driver/Src/stm32g4xx_hal_fdcan.o
                                      0xf7d62 (size before relaxing)
 .debug_str     0x00000000000faff6      0x21c Drivers/STM32G4xx_HAL_Driver/Src/stm32g4xx_hal_gpio.o
                                      0xf6a64 (size before relaxing)
 .debug_str     0x00000000000fb212      0xcf7 Drivers/STM32G4xx_HAL_Driver/Src/stm32g4xx_hal_i2c.o
                                      0xf79b4 (size before relaxing)
 .debug_str     0x00000000000fbf09       0xb8 Drivers/STM32G4xx_HAL_Driver/Src/stm32g4xx_hal_i2c_ex.o
                                      0xf6e08 (size before relaxing)
 .debug_str     0x00000000000fbfc1      0x476 Drivers/STM32G4xx_HAL_Driver/Src/stm32g4xx_hal_pwr_ex.o
                                      0xf6cda (size before relaxing)
 .debug_str     0x00000000000fc437      0x3c6 Drivers/STM32G4xx_HAL_Driver/Src/stm32g4xx_hal_rcc.o
                                      0xf6d96 (size before relaxing)
 .debug_str     0x00000000000fc7fd      0x3e0 Drivers/STM32G4xx_HAL_Driver/Src/stm32g4xx_hal_rcc_ex.o
                                      0xf6ed8 (size before relaxing)
 .debug_str     0x00000000000fcbdd      0x54c Drivers/STM32G4xx_HAL_Driver/Src/stm32g4xx_hal_spi.o
                                      0xf7096 (size before relaxing)
 .debug_str     0x00000000000fd129      0xd68 Drivers/STM32G4xx_HAL_Driver/Src/stm32g4xx_hal_tim.o
                                      0xf79f1 (size before relaxing)
 .debug_str     0x00000000000fde91      0x9c1 Drivers/STM32G4xx_HAL_Driver/Src/stm32g4xx_hal_tim_ex.o
                                      0xf768f (size before relaxing)
 .debug_str     0x00000000000fe852      0x884 Drivers/STM32G4xx_HAL_Driver/Src/stm32g4xx_hal_uart.o
                                      0xf7559 (size before relaxing)
 .debug_str     0x00000000000ff0d6      0x286 Drivers/STM32G4xx_HAL_Driver/Src/stm32g4xx_hal_uart_ex.o
                                      0xf6dc8 (size before relaxing)

.comment        0x0000000000000000       0x7b
 .comment       0x0000000000000000       0x7b Core/Src/fdcan.o
                                         0x7c (size before relaxing)
 .comment       0x000000000000007b       0x7c Core/Src/gpio.o
 .comment       0x000000000000007b       0x7c Core/Src/i2c.o
 .comment       0x000000000000007b       0x7c Core/Src/main.o
 .comment       0x000000000000007b       0x7c Core/Src/spi.o
 .comment       0x000000000000007b       0x7c Core/Src/stm32g4xx_hal_msp.o
 .comment       0x000000000000007b       0x7c Core/Src/stm32g4xx_it.o
 .comment       0x000000000000007b       0x7c Core/Src/system_stm32g4xx.o
 .comment       0x000000000000007b       0x7c Core/Src/tim.o
 .comment       0x000000000000007b       0x7c Core/Src/usart.o
 .comment       0x000000000000007b       0x7c Drivers/STM32G4xx_HAL_Driver/Src/stm32g4xx_hal.o
 .comment       0x000000000000007b       0x7c Drivers/STM32G4xx_HAL_Driver/Src/stm32g4xx_hal_cortex.o
 .comment       0x000000000000007b       0x7c Drivers/STM32G4xx_HAL_Driver/Src/stm32g4xx_hal_fdcan.o
 .comment       0x000000000000007b       0x7c Drivers/STM32G4xx_HAL_Driver/Src/stm32g4xx_hal_gpio.o
 .comment       0x000000000000007b       0x7c Drivers/STM32G4xx_HAL_Driver/Src/stm32g4xx_hal_i2c.o
 .comment       0x000000000000007b       0x7c Drivers/STM32G4xx_HAL_Driver/Src/stm32g4xx_hal_i2c_ex.o
 .comment       0x000000000000007b       0x7c Drivers/STM32G4xx_HAL_Driver/Src/stm32g4xx_hal_pwr_ex.o
 .comment       0x000000000000007b       0x7c Drivers/STM32G4xx_HAL_Driver/Src/stm32g4xx_hal_rcc.o
 .comment       0x000000000000007b       0x7c Drivers/STM32G4xx_HAL_Driver/Src/stm32g4xx_hal_rcc_ex.o
 .comment       0x000000000000007b       0x7c Drivers/STM32G4xx_HAL_Driver/Src/stm32g4xx_hal_spi.o
 .comment       0x000000000000007b       0x7c Drivers/STM32G4xx_HAL_Driver/Src/stm32g4xx_hal_tim.o
 .comment       0x000000000000007b       0x7c Drivers/STM32G4xx_HAL_Driver/Src/stm32g4xx_hal_tim_ex.o
 .comment       0x000000000000007b       0x7c Drivers/STM32G4xx_HAL_Driver/Src/stm32g4xx_hal_uart.o
 .comment       0x000000000000007b       0x7c Drivers/STM32G4xx_HAL_Driver/Src/stm32g4xx_hal_uart_ex.o

.debug_frame    0x0000000000000000     0x6060
 .debug_frame   0x0000000000000000       0x74 Core/Src/fdcan.o
 .debug_frame   0x0000000000000074       0x38 Core/Src/gpio.o
 .debug_frame   0x00000000000000ac       0x74 Core/Src/i2c.o
 .debug_frame   0x0000000000000120       0x78 Core/Src/main.o
 .debug_frame   0x0000000000000198       0x90 Core/Src/spi.o
 .debug_frame   0x0000000000000228       0x54 Core/Src/stm32g4xx_hal_msp.o
 .debug_frame   0x000000000000027c      0x10c Core/Src/stm32g4xx_it.o
 .debug_frame   0x0000000000000388       0x58 Core/Src/system_stm32g4xx.o
 .debug_frame   0x00000000000003e0       0xcc Core/Src/tim.o
 .debug_frame   0x00000000000004ac       0x90 Core/Src/usart.o
 .debug_frame   0x000000000000053c      0x4a0 Drivers/STM32G4xx_HAL_Driver/Src/stm32g4xx_hal.o
 .debug_frame   0x00000000000009dc      0x498 Drivers/STM32G4xx_HAL_Driver/Src/stm32g4xx_hal_cortex.o
 .debug_frame   0x0000000000000e74      0x9b0 Drivers/STM32G4xx_HAL_Driver/Src/stm32g4xx_hal_fdcan.o
 .debug_frame   0x0000000000001824      0x14c Drivers/STM32G4xx_HAL_Driver/Src/stm32g4xx_hal_gpio.o
 .debug_frame   0x0000000000001970      0xbc0 Drivers/STM32G4xx_HAL_Driver/Src/stm32g4xx_hal_i2c.o
 .debug_frame   0x0000000000002530      0x100 Drivers/STM32G4xx_HAL_Driver/Src/stm32g4xx_hal_i2c_ex.o
 .debug_frame   0x0000000000002630      0x4fc Drivers/STM32G4xx_HAL_Driver/Src/stm32g4xx_hal_pwr_ex.o
 .debug_frame   0x0000000000002b2c      0x23c Drivers/STM32G4xx_HAL_Driver/Src/stm32g4xx_hal_rcc.o
 .debug_frame   0x0000000000002d68      0x2ac Drivers/STM32G4xx_HAL_Driver/Src/stm32g4xx_hal_rcc_ex.o
 .debug_frame   0x0000000000003014      0x860 Drivers/STM32G4xx_HAL_Driver/Src/stm32g4xx_hal_spi.o
 .debug_frame   0x0000000000003874     0x1190 Drivers/STM32G4xx_HAL_Driver/Src/stm32g4xx_hal_tim.o
 .debug_frame   0x0000000000004a04      0x9f0 Drivers/STM32G4xx_HAL_Driver/Src/stm32g4xx_hal_tim_ex.o
 .debug_frame   0x00000000000053f4      0x994 Drivers/STM32G4xx_HAL_Driver/Src/stm32g4xx_hal_uart.o
 .debug_frame   0x0000000000005d88      0x22c Drivers/STM32G4xx_HAL_Driver/Src/stm32g4xx_hal_uart_ex.o
 .debug_frame   0x0000000000005fb4       0x2c d:/st/stm32cubeide_1.0.1/stm32cubeide/plugins/com.st.stm32cube.ide.mcu.externaltools.gnu-tools-for-stm32.7-2018-q2-update.win32_1.0.0.201904181610/tools/bin/../lib/gcc/arm-none-eabi/7.3.1/../../../../arm-none-eabi/lib/thumb/v7e-m/fpv4-sp/hard\libc_nano.a(lib_a-init.o)
 .debug_frame   0x0000000000005fe0       0x20 d:/st/stm32cubeide_1.0.1/stm32cubeide/plugins/com.st.stm32cube.ide.mcu.externaltools.gnu-tools-for-stm32.7-2018-q2-update.win32_1.0.0.201904181610/tools/bin/../lib/gcc/arm-none-eabi/7.3.1/../../../../arm-none-eabi/lib/thumb/v7e-m/fpv4-sp/hard\libc_nano.a(lib_a-memset.o)
 .debug_frame   0x0000000000006000       0x2c d:/st/stm32cubeide_1.0.1/stm32cubeide/plugins/com.st.stm32cube.ide.mcu.externaltools.gnu-tools-for-stm32.7-2018-q2-update.win32_1.0.0.201904181610/tools/bin/../lib/gcc/arm-none-eabi/7.3.1/thumb/v7e-m/fpv4-sp/hard\libgcc.a(_aeabi_uldivmod.o)
 .debug_frame   0x000000000000602c       0x34 d:/st/stm32cubeide_1.0.1/stm32cubeide/plugins/com.st.stm32cube.ide.mcu.externaltools.gnu-tools-for-stm32.7-2018-q2-update.win32_1.0.0.201904181610/tools/bin/../lib/gcc/arm-none-eabi/7.3.1/thumb/v7e-m/fpv4-sp/hard\libgcc.a(_udivmoddi4.o)
